1c1
< 3628800 total_dyn_inst: 50
---
> 3628800 total_dyn_inst: 56
